# 对拍程序应当打出的全部 `APISEEN <name>` 行（规则三机器闸门的第二半）。
#
# 它覆盖**全部三族**（Point / Size / Rect），不只是 Rect：多一条少一条都 FAIL。
# 于是「新加了 API 却忘了 rec()」「删了 rec() 却留着实现」「某一族的 rec 被
# 整段注释掉」这三类漂移都由机器抓，不再靠人手列对照表。
#
# 加新 API 时**先跑一次对拍**、把新出现的名字补进来，再提交 —— 这份清单是人
# 维护的，机器只负责发现它与现实不一致。
F::defaultCtor
F::dotProduct
F::fromPoint
F::isNull
F::manhattanLength
F::mixedAdd
F::operator!=
F::operator*
F::operator*(rev)
F::operator*=
F::operator+
F::operator+=
F::operator+unary
F::operator-
F::operator-=
F::operator-unary
F::operator/
F::operator/=
F::operator==
F::roundTrip
F::rx/ry
F::setX/setY
F::toPoint
F::x
F::y
R::adjust
R::adjusted
R::bottom
R::bottomLeft
R::bottomRight
R::center
R::containsPoint
R::containsPointProper
R::containsRect
R::containsRectProper
R::containsXY
R::containsXYProper
R::ctorLTWH
R::ctorPointSize
R::ctorPoints
R::defaultCtor
R::getCoords
R::getRect
R::height
R::intersected
R::intersects
R::isEmpty
R::isNull
R::isValid
R::left
R::moveCenter
R::moveLeft
R::moveToPoint
R::moveToXY
R::moveTop
R::moveTopLeft
R::normalized
R::operator!=
R::operator&
R::operator&=
R::operator==
R::operator|
R::operator|=
R::right
R::setBottom
R::setBottomRight
R::setCoords
R::setHeight
R::setLeft
R::setRect
R::setRight
R::setSize
R::setTop
R::setTopLeft
R::setWidth
R::setX
R::setY
R::size
R::top
R::topLeft
R::topRight
R::translatePoint
R::translateXY
R::translatedPoint
R::translatedXY
R::united
R::width
R::x
R::y
S::defaultCtor
S::defaultPredicates
S::expandedTo
S::height
S::isEmpty
S::isNull
S::isValid
S::operator!=
S::operator*
S::operator*(rev)
S::operator*=
S::operator+
S::operator+=
S::operator-
S::operator-=
S::operator/
S::operator/=
S::operator==
S::rheight
S::rwidth
S::scale(size)
S::scale(w,h)
S::scaled(size)
S::scaled(w,h)
S::setHeight
S::setWidth
S::width
SF::defaultCtor
SF::defaultPredicates
SF::expandedTo
SF::fromSize
SF::height
SF::isEmpty
SF::isNull
SF::isValid
SF::mixedEquality
SF::mixedExpandedTo
SF::operator!=
SF::operator*
SF::operator*(rev)
SF::operator*=
SF::operator+
SF::operator+=
SF::operator-
SF::operator-=
SF::operator/
SF::operator/=
SF::operator==
SF::rheight
SF::roundTrip
SF::rwidth
SF::scale(size)
SF::scale(w,h)
SF::scaled(size)
SF::scaled(w,h)
SF::setHeight
SF::setWidth
SF::toSize
SF::width
canary
canary-negative
defaultCtor
dotProduct
isNull
manhattanLength
operator!=
operator*(double)
operator*(double,rev)
operator*(float)
operator*(float,rev)
operator*(int)
operator*(int,rev)
operator*=(double)
operator*=(float)
operator*=(int)
operator+
operator+=
operator+unary
operator-
operator-=
operator-unary
operator/
operator/=
operator==
rx/ry
setX/setY
x
y
