# 对拍程序应当打出的全部 `APISEEN <name>` 行（规则三机器闸门的第二半）。
#
# 它覆盖**全部八族**（Point / Size / Rect+RectF / Transform / Line+LineF /
# Margins+MarginsF / Polygon+PolygonF）：多一条少一条都 FAIL。
# 于是「新加了 API 却忘了 rec()」「删了 rec() 却留着实现」「某一族的 rec 被
# 整段注释掉」这三类漂移都由机器抓，不再靠人手列对照表。
#
# 加新 API 时**先跑一次对拍**、把新出现的名字补进来，再提交 —— 这份清单是人
# 维护的，机器只负责发现它与现实不一致。
F::defaultCtor
F::dotProduct
F::fromPoint
F::isNull
F::manhattanLength
F::mixedAdd
F::operator!=
F::operator*
F::operator*(rev)
F::operator*=
F::operator+
F::operator+=
F::operator+unary
F::operator-
F::operator-=
F::operator-unary
F::operator/
F::operator/=
F::operator==
F::roundTrip
F::rx/ry
F::setX/setY
F::toPoint
F::x
F::y
R::adjust
R::adjusted
R::bottom
R::bottomLeft
R::bottomRight
R::center
R::containsPoint
R::containsPointProper
R::containsRect
R::containsRectProper
R::containsXY
R::containsXYProper
R::ctorLTWH
R::ctorPointSize
R::ctorPoints
R::defaultCtor
R::getCoords
R::getRect
R::height
R::intersected
R::intersects
R::isEmpty
R::isNull
R::isValid
R::left
R::moveCenter
R::moveLeft
R::moveToPoint
R::moveToXY
R::moveTop
R::moveTopLeft
R::normalized
R::operator!=
R::operator&
R::operator&=
R::operator==
R::operator|
R::operator|=
R::right
R::setBottom
R::setBottomRight
R::setCoords
R::setHeight
R::setLeft
R::setRect
R::setRight
R::setSize
R::setTop
R::setTopLeft
R::setWidth
R::setX
R::setY
R::size
R::top
R::topLeft
R::topRight
R::translatePoint
R::translateXY
R::translatedPoint
R::translatedXY
R::united
R::width
R::x
R::y
R::marginsAdded
R::marginsRemoved
R::operatorMinusEqMargins
R::operatorMinusMargins
R::operatorPlusEqMargins
R::operatorPlusMargins
R::operatorPlusMarginsRev
RF::adjust
RF::adjusted
RF::bottom
RF::bottomLeft
RF::bottomRight
RF::center
RF::containsPoint
RF::containsRect
RF::containsXY
RF::ctorFromRect
RF::ctorLTWH
RF::ctorPointSize
RF::ctorPoints
RF::defaultCtor
RF::getCoords
RF::getRect
RF::height
RF::intersected
RF::intersects
RF::isEmpty
RF::isNull
RF::isValid
RF::left
RF::moveCenter
RF::moveLeft
RF::moveToPoint
RF::moveToXY
RF::moveTop
RF::moveTopLeft
RF::normalized
RF::operator!=
RF::operator&
RF::operator&=
RF::operator==
RF::operator|
RF::operator|=
RF::right
RF::setBottom
RF::setBottomRight
RF::setCoords
RF::setHeight
RF::setLeft
RF::setRect
RF::setRight
RF::setSize
RF::setTop
RF::setTopLeft
RF::setWidth
RF::setX
RF::setY
RF::size
RF::toAlignedRect
RF::toRect
RF::top
RF::topLeft
RF::topRight
RF::translatePoint
RF::translateXY
RF::translatedPoint
RF::translatedXY
RF::united
RF::width
RF::x
RF::y
RF::marginsAdded
RF::marginsRemoved
RF::operatorMinusEqMargins
RF::operatorMinusMargins
RF::operatorPlusEqMargins
RF::operatorPlusMargins
RF::operatorPlusMarginsRev
S::defaultCtor
S::defaultPredicates
S::expandedTo
S::height
S::isEmpty
S::isNull
S::isValid
S::operator!=
S::operator*
S::operator*(rev)
S::operator*=
S::operator+
S::operator+=
S::operator-
S::operator-=
S::operator/
S::operator/=
S::operator==
S::rheight
S::rwidth
S::scale(size)
S::scale(w,h)
S::scaled(size)
S::scaled(w,h)
S::setHeight
S::setWidth
S::width
SF::defaultCtor
SF::defaultPredicates
SF::expandedTo
SF::fromSize
SF::height
SF::isEmpty
SF::isNull
SF::isValid
SF::mixedEquality
SF::mixedExpandedTo
SF::operator!=
SF::operator*
SF::operator*(rev)
SF::operator*=
SF::operator+
SF::operator+=
SF::operator-
SF::operator-=
SF::operator/
SF::operator/=
SF::operator==
SF::rheight
SF::roundTrip
SF::rwidth
SF::scale(size)
SF::scale(w,h)
SF::scaled(size)
SF::scaled(w,h)
SF::setHeight
SF::setWidth
SF::toSize
SF::width
T::copy(stale)
T::ctor6
T::ctor9
T::defaultCtor
T::determinant
T::dx
T::dy
T::free*(qreal)
T::free+(qreal)
T::free-(qreal)
T::free/(qreal)
T::freeFuzzyCompare
T::freeLineF*
T::freePoint*
T::freePointF*
T::fromScale
T::fromTranslate
T::inverted
T::inverted(noflag)
T::isAffine
T::isIdentity
T::isIdentity(stale)
T::m11
T::m12
T::m13
T::m21
T::m22
T::m23
T::m31
T::m32
T::m33
T::map(LineF)
T::map(PkPoint)
T::map(PkPointF)
T::map(PolygonF)
T::map(int*)
T::map(qreal*)
T::map(stale)
T::mapRect(PkRect)
T::mapRect(PkRectF)
T::operator!=
T::operator*
T::operator*=
T::operator*=(qreal)
T::operator+=(qreal)
T::operator-=(qreal)
T::operator/=(qreal)
T::operator==
T::quadToSquare
T::reset
T::rotate
T::rotate(axis)
T::rotate(roundtrip)
T::rotate(roundtrip-asked)
T::rotateRadians
T::rotateRadians(axis)
T::scale
T::setMatrix
T::shear
T::squareToQuad
T::translate
T::transposed
T::type
T::type(chain)
T::type(chain-asked)
T::type(fresh)
T::type(stale)
V2::defaultCtor
V2::distanceToLine
V2::distanceToPoint
V2::dotProduct
V2::isNull
V2::length
V2::lengthSquared
V2::normalize
V2::normalized
V2::operator!=
V2::operator*(f)
V2::operator*(f,rev)
V2::operator*(v)
V2::operator*=(float)
V2::operator*=(v)
V2::operator+
V2::operator+=
V2::operator-(v)
V2::operator-=
V2::operator-unary
V2::operator/(f)
V2::operator/(v)
V2::operator/=(float)
V2::operator/=(v)
V2::operator==
V2::operator[]
V2::operator[] const
V2::qFuzzyCompare
V2::setX/setY
V2::toPoint
V2::toPointF
V2::toVector3D
V2::toVector4D
V2::x
V2::y
V3::crossProduct
V3::defaultCtor
V3::distanceToLine
V3::distanceToPlane(2)
V3::distanceToPlane(3)
V3::distanceToPoint
V3::dotProduct
V3::isNull
V3::length
V3::lengthSquared
V3::normal(2)
V3::normal(3)
V3::normalize
V3::normalized
V3::operator!=
V3::operator*(f)
V3::operator*(f,rev)
V3::operator*(v)
V3::operator*=(float)
V3::operator*=(v)
V3::operator+
V3::operator+=
V3::operator-(v)
V3::operator-=
V3::operator-unary
V3::operator/(f)
V3::operator/(v)
V3::operator/=(float)
V3::operator/=(v)
V3::operator==
V3::operator[]
V3::operator[] const
V3::qFuzzyCompare
V3::setX/setY/setZ
V3::toPoint
V3::toPointF
V3::toVector2D
V3::toVector4D
V3::x
V3::y
V3::z
V4::defaultCtor
V4::dotProduct
V4::isNull
V4::length
V4::lengthSquared
V4::normalize
V4::normalized
V4::operator!=
V4::operator*(f)
V4::operator*(f,rev)
V4::operator*(v)
V4::operator*=(float)
V4::operator*=(v)
V4::operator+
V4::operator+=
V4::operator-(v)
V4::operator-=
V4::operator-unary
V4::operator/(f)
V4::operator/(v)
V4::operator/=(float)
V4::operator/=(v)
V4::operator==
V4::operator[]
V4::operator[] const
V4::qFuzzyCompare
V4::setX/setY/setZ/setW
V4::toPoint
V4::toPointF
V4::toVector2D
V4::toVector2DAffine
V4::toVector3D
V4::toVector3DAffine
V4::w
V4::x
V4::y
V4::z
M4::ctorFromTransform
M4::inverted
M4::isIdentity
M4::map(v3)
M4::map(v4)
M4::operator!=
M4::operator()
M4::operator*(m)
M4::operator*(v3)
M4::operator*(v4)
M4::operator==
M4::rotate
M4::scale
M4::setToIdentity
M4::toTransform
M4::toTransform(dist)
M4::translate
R::boundingRect
R::contains
R::intersected
R::intersects
R::isEmpty
R::isNull
R::operator&=
R::operator+=
R::operator-=
R::subtracted
R::translate
R::united
R::intersectedContains
R::subtractedContains
R::unitedBB
R::unitedContains
canary
canary-negative
defaultCtor
dotProduct
isNull
manhattanLength
operator!=
operator*(double)
operator*(double,rev)
operator*(float)
operator*(float,rev)
operator*(int)
operator*(int,rev)
operator*=(double)
operator*=(float)
operator*=(int)
operator+
operator+=
operator+unary
operator-
operator-=
operator-unary
operator/
operator/=
operator==
rx/ry
setX/setY
x
y
L::ctorInts
L::ctorPoints
L::defaultCtor
L::p1
L::p2
LF::angle
LF::angleTo
LF::center
LF::ctorFromLine
LF::ctorPoints
LF::ctorReals
LF::defaultCtor
LF::dx
LF::dy
LF::fromPolar
LF::intersects
LF::intersectsNullArg
LF::intersectsPoint
LF::isNull
LF::length
LF::normalVector
LF::operatorEq
LF::operatorNe
LF::p1
LF::p2
LF::pointAt
LF::setAngle
LF::setLength
LF::setP1
LF::setP2
LF::translatePoint
LF::translateXY
LF::translatedPoint
LF::translatedXY
LF::unitVector
LF::x1
LF::x2
LF::y1
LF::y2
M::bottom
M::ctorLTRB
M::defaultCtor
M::isNull
M::left
M::operatorDivEqInt
M::operatorDivEqQreal
M::operatorDivInt
M::operatorDivQreal
M::operatorEq
M::operatorMinusEqInt
M::operatorMinusEqMargins
M::operatorMinusInt
M::operatorMinusMargins
M::operatorMulEqInt
M::operatorMulEqQreal
M::operatorMulInt
M::operatorMulIntRev
M::operatorMulQreal
M::operatorMulQrealRev
M::operatorNe
M::operatorPlus
M::operatorPlusEqInt
M::operatorPlusEqMargins
M::operatorPlusInt
M::operatorPlusIntRev
M::operatorPlusMargins
M::operatorUnaryMinus
M::right
M::setBottom
M::setLeft
M::setRight
M::setTop
M::top
MF::bottom
MF::ctorFromMargins
MF::ctorLTRB
MF::defaultCtor
MF::isNull
MF::left
MF::operatorDivEqQreal
MF::operatorDivQreal
MF::operatorEq
MF::operatorMinusEqMargins
MF::operatorMinusEqQreal
MF::operatorMinusMargins
MF::operatorMinusQreal
MF::operatorMulEqQreal
MF::operatorMulQreal
MF::operatorMulQrealRev
MF::operatorNe
MF::operatorPlus
MF::operatorPlusEqMargins
MF::operatorPlusEqQreal
MF::operatorPlusMargins
MF::operatorPlusQreal
MF::operatorPlusQrealRev
MF::operatorUnaryMinus
MF::right
MF::setBottom
MF::setLeft
MF::setRight
MF::setTop
MF::toMargins
MF::top
PG::ctorFromVector
PG::ctorFromVectorMove
PG::defaultCtor
PGF::boundingRect
PGF::containsPointOddEven
PGF::containsPointWinding
PGF::ctorFromRect
PGF::ctorFromVector
PGF::ctorFromVectorMove
PGF::ctorSize
PGF::defaultCtor
PGF::isClosed
PGF::toPolygon
PGF::translatePoint
PGF::translateXY
PGF::translatedPoint
PGF::translatedXY
