# PkRect 类体声明 → 对拍 rec() 标签的映射（规则三的机器闸门，人维护那一半）
#
# 格式：<类名>::<声明指纹>\t<对拍 api 标签>[;<标签>...]，**tab 分隔**，# 开头为注释。
# ⚠ 多标签之间用 **`;`**，不是逗号 —— 标签名自己含逗号（`S::scale(w,h)`、
# `operator*(float,rev)`），用逗号切会把一个标签劈成两半。
# 声明指纹由 run_oracle.sh 从 PkRect.h 的**类体**里机械解析出来（去注释、去内联
# 函数体、去形参名、去默认实参、规范化 & 与 *），不是人手抄的。
# 类名前缀是必需的：同一个头文件里两个孪生类（PkPoint/PkPointF、PkSize/PkSizeF）
# 有大量同名同参的声明，不带类名会撞键。Rect 这份目前只有一个类，前缀是为了
# 三份 map（rect / point / size）**同一套格式**，闸门代码只有一份。
#
# 规则三：**每个已实现的重载都要有自己的 rec()**。Task 3 复评实测过，漏一个
# 重载能让 93 630 039 次比对一条都不红、run_oracle.sh 退出码 0 放行。
# 这份映射把那条规则变成机器可查的：run_oracle.sh 做三件事，任一不成立就 FAIL
#   ① PkRect.h 里每一条声明都在这里有一行  ← **加了重载忘写 rec() 在这里现形**
#   ② 这里的每一行都对得上 PkRect.h 的一条声明（删了成员却留着行也现形）
#   ③ 这里列的每个标签都真的出现在程序打出的 APISEEN 里
#
# 一条声明可以对多个标签：contains 的两个带 proper 的重载各自跑了 proper=false
# 与 proper=true 两条路，它们走的是**两个不同的分支**（`<` vs `<=`），
# 按规则三各要一条 rec。
PkRect::PkRect()	R::defaultCtor
PkRect::PkRect(const PkPoint&,const PkPoint&)	R::ctorPoints
PkRect::PkRect(const PkPoint&,const PkSize&)	R::ctorPointSize
PkRect::PkRect(int,int,int,int)	R::ctorLTWH
PkRect::isNull()	R::isNull
PkRect::isEmpty()	R::isEmpty
PkRect::isValid()	R::isValid
PkRect::left()	R::left
PkRect::top()	R::top
PkRect::right()	R::right
PkRect::bottom()	R::bottom
PkRect::normalized()	R::normalized
PkRect::x()	R::x
PkRect::y()	R::y
PkRect::setLeft(int)	R::setLeft
PkRect::setTop(int)	R::setTop
PkRect::setRight(int)	R::setRight
PkRect::setBottom(int)	R::setBottom
PkRect::setX(int)	R::setX
PkRect::setY(int)	R::setY
PkRect::setTopLeft(const PkPoint&)	R::setTopLeft
PkRect::setBottomRight(const PkPoint&)	R::setBottomRight
PkRect::topLeft()	R::topLeft
PkRect::bottomRight()	R::bottomRight
PkRect::topRight()	R::topRight
PkRect::bottomLeft()	R::bottomLeft
PkRect::center()	R::center
PkRect::moveLeft(int)	R::moveLeft
PkRect::moveTop(int)	R::moveTop
PkRect::moveTopLeft(const PkPoint&)	R::moveTopLeft
PkRect::moveCenter(const PkPoint&)	R::moveCenter
PkRect::translate(int,int)	R::translateXY
PkRect::translate(const PkPoint&)	R::translatePoint
PkRect::translated(int,int)	R::translatedXY
PkRect::translated(const PkPoint&)	R::translatedPoint
PkRect::moveTo(int,int)	R::moveToXY
PkRect::moveTo(const PkPoint&)	R::moveToPoint
PkRect::setRect(int,int,int,int)	R::setRect
PkRect::getRect(int*,int*,int*,int*)	R::getRect
PkRect::setCoords(int,int,int,int)	R::setCoords
PkRect::getCoords(int*,int*,int*,int*)	R::getCoords
PkRect::adjust(int,int,int,int)	R::adjust
PkRect::adjusted(int,int,int,int)	R::adjusted
PkRect::size()	R::size
PkRect::width()	R::width
PkRect::height()	R::height
PkRect::setWidth(int)	R::setWidth
PkRect::setHeight(int)	R::setHeight
PkRect::setSize(const PkSize&)	R::setSize
PkRect::operator|(const PkRect&)	R::operator|
PkRect::operator&(const PkRect&)	R::operator&
PkRect::operator|=(const PkRect&)	R::operator|=
PkRect::operator&=(const PkRect&)	R::operator&=
PkRect::contains(const PkRect&,bool)	R::containsRect;R::containsRectProper
PkRect::contains(const PkPoint&,bool)	R::containsPoint;R::containsPointProper
PkRect::contains(int,int)	R::containsXY
PkRect::contains(int,int,bool)	R::containsXYProper
PkRect::united(const PkRect&)	R::united
PkRect::intersected(const PkRect&)	R::intersected
PkRect::intersects(const PkRect&)	R::intersects
PkRect::operator==(const PkRect&,const PkRect&)	R::operator==
PkRect::operator!=(const PkRect&,const PkRect&)	R::operator!=
PkRect::marginsAdded(const PkMargins&)	R::marginsAdded
PkRect::marginsRemoved(const PkMargins&)	R::marginsRemoved
PkRect::operator+=(const PkMargins&)	R::operatorPlusEqMargins
PkRect::operator-=(const PkMargins&)	R::operatorMinusEqMargins
